// Jest Snapshot v1, https://goo.gl/fbAQLP

exports[`should render App correctly 1`] = `
<div
  className="weather-statistic"
>
  <div
    className="weather-status-wrapper"
  >
    <div
      className="weather-status__icon"
    >
      <span
        className="wa-icon"
      >
        <svg>
          cloud.svg
        </svg>
      </span>
    </div>
    <div
      className="weather-status-inner"
    >
      <div
        className="weather-status"
      >
         Cloudy 
      </div>
      <div
        className="weather-params"
      >
        <span
          className="param"
        >
           
          <span
            className="wa-icon"
          >
            <svg>
              thermo.svg
            </svg>
          </span>
           29.2 °C
        </span>
        <span
          className="param"
        >
           
          <span
            className="wa-icon"
          >
            <svg>
              water-drop.svg
            </svg>
          </span>
           73%
        </span>
      </div>
    </div>
  </div>
  <div
    className="weather-statistic__bottom-bar"
  >
    <div
      className="bottom-bar-item"
    >
      <div
        className="bottom-bar-item__title"
      >
        PSI
      </div>
      <div
        className="bottom-bar-item__value"
        style={
          Object {
            "backgroundColor": "#1e9a1e",
            "borderRadius": "6px",
            "padding": "5px 12px",
          }
        }
      >
        23
      </div>
      <div
        className="bottom-bar-item__desc"
      >
        Good
      </div>
    </div>
    <div
      className="bottom-bar-item"
    >
      <div
        className="bottom-bar-item__title"
      >
        RAIN
      </div>
      <div
        className="bottom-bar-item__value"
      >
        0
      </div>
      <div
        className="bottom-bar-item__desc"
      >
        mm
      </div>
    </div>
    <div
      className="bottom-bar-item"
    >
      <div
        className="bottom-bar-item__title"
      >
        DENGUE
      </div>
      <div
        className="round-button"
      />
    </div>
    <div
      className="bottom-bar-item"
    >
      <button
        className="add-btn"
      >
        <div
          className="btn-icon"
        >
          <span
            className="wa-icon"
          >
            <svg>
              plus.svg
            </svg>
          </span>
        </div>
        <div
          className="btn-title"
        >
          ADD
        </div>
      </button>
    </div>
  </div>
</div>
`;
